// Jest Snapshot v1, https://goo.gl/fbAQLP

exports[`DebitCard screen renders correctly 1`] = `
<RNCSafeAreaProvider
  onInsetsChange={[Function]}
  style={
    Array [
      Object {
        "flex": 1,
      },
      undefined,
    ]
  }
>
  <RNSScreenContainer
    style={
      Object {
        "flex": 1,
        "overflow": "hidden",
      }
    }
  >
    <RNSScreen
      activityState={2}
      collapsable={false}
      forwardedRef={[Function]}
      nativeID="animatedComponent"
      style={
        Object {
          "bottom": 0,
          "left": 0,
          "position": "absolute",
          "right": 0,
          "top": 0,
        }
      }
    >
      <View
        accessibilityElementsHidden={false}
        importantForAccessibility="auto"
        style={
          Array [
            Object {
              "flex": 1,
            },
            Object {
              "backgroundColor": "rgb(242, 242, 242)",
            },
            undefined,
          ]
        }
      >
        <View
          style={
            Object {
              "backgroundColor": "#0D365A",
              "flexGrow": 1,
            }
          }
          testID="spending-limit-screen"
        >
          <View
            style={
              Object {
                "alignItems": undefined,
                "justifyContent": undefined,
                "paddingHorizontal": 20,
              }
            }
          >
            <View
              style={
                Object {
                  "alignItems": "center",
                  "backgroundColor": "transparent",
                  "borderBottomWidth": 0,
                  "flexDirection": "row",
                  "flexWrap": "wrap",
                  "height": 90,
                  "justifyContent": "space-between",
                  "paddingBottom": 16,
                  "paddingTop": 40,
                }
              }
            >
              <View
                accessible={true}
                collapsable={false}
                focusable={true}
                nativeID="animatedComponent"
                onClick={[Function]}
                onResponderGrant={[Function]}
                onResponderMove={[Function]}
                onResponderRelease={[Function]}
                onResponderTerminate={[Function]}
                onResponderTerminationRequest={[Function]}
                onStartShouldSetResponder={[Function]}
                style={
                  Object {
                    "alignItems": "center",
                    "justifyContent": "center",
                    "marginLeft": -10,
                    "minHeight": 46,
                    "minWidth": 46,
                    "opacity": 1,
                  }
                }
              >
                <Text
                  allowFontScaling={false}
                  style={
                    Array [
                      Object {
                        "color": "#FFFFFF",
                        "fontSize": 30,
                      },
                      undefined,
                      Object {
                        "fontFamily": "Ionicons",
                        "fontStyle": "normal",
                        "fontWeight": "normal",
                      },
                      Object {},
                    ]
                  }
                >
                  
                </Text>
              </View>
              <Image
                source="test-file-stub"
                style={
                  Object {
                    "height": 24,
                    "width": 24,
                  }
                }
              />
            </View>
            <Text
              allowFontScaling={false}
              style={
                Object {
                  "color": "#FFFFFF",
                  "fontFamily": "AvenirNextLTPro-Bold",
                  "fontSize": 24,
                  "fontWeight": "bold",
                  "marginTop": 8,
                }
              }
            >
              Spending limit
            </Text>
          </View>
          <View
            style={
              Object {
                "alignItems": undefined,
                "backgroundColor": "#FFFFFF",
                "borderTopLeftRadius": 20,
                "borderTopRightRadius": 20,
                "flex": 1,
                "flexGrow": 1,
                "height": 1334,
                "justifyContent": undefined,
                "marginTop": 40,
                "minHeight": 0,
                "padding": 16,
                "paddingHorizontal": 24,
                "paddingTop": 24,
                "width": undefined,
              }
            }
          >
            <View
              style={
                Object {
                  "alignItems": "center",
                  "flexDirection": "row",
                  "flexWrap": "wrap",
                  "justifyContent": undefined,
                }
              }
            >
              <Text
                allowFontScaling={false}
                style={
                  Array [
                    Object {
                      "color": "#000000",
                      "fontSize": 20,
                    },
                    undefined,
                    Object {
                      "fontFamily": "Ionicons",
                      "fontStyle": "normal",
                      "fontWeight": "normal",
                    },
                    Object {},
                  ]
                }
              >
                
              </Text>
              <Text
                allowFontScaling={false}
                style={
                  Object {
                    "fontSize": 16,
                    "fontWeight": "normal",
                    "letterSpacing": 0.5,
                    "marginLeft": 8,
                  }
                }
              >
                Set weekly debit card spending limit
              </Text>
            </View>
            <View
              style={
                Object {
                  "alignItems": "center",
                  "borderBottomColor": "#CCCCCC",
                  "borderBottomWidth": 0.5,
                  "flexDirection": "row",
                  "flexWrap": "wrap",
                  "justifyContent": undefined,
                  "marginBottom": 12,
                  "marginTop": 8,
                  "paddingVertical": 8,
                }
              }
            >
              <View
                style={
                  Object {
                    "alignItems": "center",
                    "flexDirection": "row",
                    "flexWrap": "wrap",
                    "justifyContent": "flex-start",
                  }
                }
                testID="available-balance"
              >
                <View
                  style={
                    Object {
                      "alignItems": undefined,
                      "backgroundColor": "#03D167",
                      "borderRadius": 4,
                      "justifyContent": undefined,
                      "marginRight": 8,
                      "paddingHorizontal": 8,
                      "paddingVertical": 2,
                    }
                  }
                >
                  <Text
                    allowFontScaling={false}
                    style={
                      Object {
                        "color": "#FFFFFF",
                        "fontWeight": "bold",
                      }
                    }
                  >
                    S$
                  </Text>
                </View>
              </View>
              <TextInput
                collapsable={false}
                defaultValue=""
                keyboardType="decimal-pad"
                onChangeText={[Function]}
                onGestureHandlerEvent={[Function]}
                onGestureHandlerStateChange={[Function]}
                style={
                  Object {
                    "fontFamily": "AvenirNextLTPro-Bold",
                    "fontSize": 24,
                    "fontWeight": "bold",
                    "maxWidth": "80%",
                    "width": "80%",
                  }
                }
                testID="spend-limit-number"
                value=""
              />
            </View>
            <Text
              allowFontScaling={false}
              style={
                Object {
                  "color": "#CCCCCC",
                  "fontSize": 12,
                  "fontWeight": "normal",
                }
              }
            >
              Here weekly means the last 7 days, not the calendar week
            </Text>
            <View
              style={
                Object {
                  "alignItems": undefined,
                  "flexDirection": "row",
                  "flexWrap": "wrap",
                  "justifyContent": "space-between",
                  "marginTop": 30,
                }
              }
            >
              <View
                accessible={true}
                collapsable={false}
                focusable={true}
                nativeID="animatedComponent"
                onClick={[Function]}
                onResponderGrant={[Function]}
                onResponderMove={[Function]}
                onResponderRelease={[Function]}
                onResponderTerminate={[Function]}
                onResponderTerminationRequest={[Function]}
                onStartShouldSetResponder={[Function]}
                style={
                  Object {
                    "backgroundColor": "#EFFCF4",
                    "borderRadius": 5,
                    "opacity": 1,
                    "paddingVertical": 14,
                    "width": "30%",
                  }
                }
              >
                <Text
                  allowFontScaling={false}
                  style={
                    Object {
                      "color": "#03D167",
                      "fontWeight": "400",
                      "textAlign": "center",
                    }
                  }
                >
                  S$5,000
                </Text>
              </View>
              <View
                accessible={true}
                collapsable={false}
                focusable={true}
                nativeID="animatedComponent"
                onClick={[Function]}
                onResponderGrant={[Function]}
                onResponderMove={[Function]}
                onResponderRelease={[Function]}
                onResponderTerminate={[Function]}
                onResponderTerminationRequest={[Function]}
                onStartShouldSetResponder={[Function]}
                style={
                  Object {
                    "backgroundColor": "#EFFCF4",
                    "borderRadius": 5,
                    "opacity": 1,
                    "paddingVertical": 14,
                    "width": "30%",
                  }
                }
              >
                <Text
                  allowFontScaling={false}
                  style={
                    Object {
                      "color": "#03D167",
                      "fontWeight": "400",
                      "textAlign": "center",
                    }
                  }
                >
                  S$10,000
                </Text>
              </View>
              <View
                accessible={true}
                collapsable={false}
                focusable={true}
                nativeID="animatedComponent"
                onClick={[Function]}
                onResponderGrant={[Function]}
                onResponderMove={[Function]}
                onResponderRelease={[Function]}
                onResponderTerminate={[Function]}
                onResponderTerminationRequest={[Function]}
                onStartShouldSetResponder={[Function]}
                style={
                  Object {
                    "backgroundColor": "#EFFCF4",
                    "borderRadius": 5,
                    "opacity": 1,
                    "paddingVertical": 14,
                    "width": "30%",
                  }
                }
              >
                <Text
                  allowFontScaling={false}
                  style={
                    Object {
                      "color": "#03D167",
                      "fontWeight": "400",
                      "textAlign": "center",
                    }
                  }
                >
                  S$20,000
                </Text>
              </View>
            </View>
          </View>
          <View
            style={
              Object {
                "alignItems": undefined,
                "backgroundColor": "#FFFFFF",
                "justifyContent": undefined,
                "paddingBottom": 48,
              }
            }
          >
            <View
              accessibilityState={
                Object {
                  "disabled": true,
                }
              }
              accessible={true}
              collapsable={false}
              focusable={true}
              nativeID="animatedComponent"
              onClick={[Function]}
              onResponderGrant={[Function]}
              onResponderMove={[Function]}
              onResponderRelease={[Function]}
              onResponderTerminate={[Function]}
              onResponderTerminationRequest={[Function]}
              onStartShouldSetResponder={[Function]}
              style={
                Object {
                  "alignSelf": "center",
                  "backgroundColor": "#03D167",
                  "borderRadius": 30,
                  "borderWidth": 0,
                  "elevation": 1,
                  "opacity": 0.5,
                  "padding": 16,
                  "shadowColor": "#000000",
                  "shadowOffset": Object {
                    "height": 2,
                    "width": 0,
                  },
                  "shadowOpacity": 0.2,
                  "shadowRadius": 4,
                  "width": 300,
                }
              }
              testID="btn-save"
            >
              <Text
                allowFontScaling={false}
                style={
                  Object {
                    "color": "#FFFFFF",
                    "fontSize": 20,
                    "fontWeight": "bold",
                    "textAlign": "center",
                  }
                }
              >
                Save
              </Text>
            </View>
          </View>
        </View>
      </View>
    </RNSScreen>
  </RNSScreenContainer>
  <View
    collapsable={false}
    nativeID="animatedComponent"
    pointerEvents="auto"
    style={
      Object {
        "backgroundColor": "rgb(255, 255, 255)",
        "borderTopColor": "rgb(216, 216, 216)",
        "borderTopWidth": 0.5,
        "bottom": 0,
        "elevation": 8,
        "height": 49,
        "left": 0,
        "paddingBottom": 0,
        "paddingHorizontal": 1,
        "position": null,
        "right": 0,
        "transform": Array [
          Object {
            "translateY": 0,
          },
        ],
      }
    }
  >
    <View
      onLayout={[Function]}
      style={
        Object {
          "flex": 1,
          "flexDirection": "row",
        }
      }
    >
      <View
        accessibilityLabel="SpendingLimit, tab, 1 of 1"
        accessibilityRole="button"
        accessibilityState={
          Object {
            "selected": true,
          }
        }
        accessible={true}
        focusable={true}
        onClick={[Function]}
        onResponderGrant={[Function]}
        onResponderMove={[Function]}
        onResponderRelease={[Function]}
        onResponderTerminate={[Function]}
        onResponderTerminationRequest={[Function]}
        onStartShouldSetResponder={[Function]}
        style={
          Array [
            Object {
              "alignItems": "center",
              "flex": 1,
            },
            Object {
              "backgroundColor": "transparent",
            },
            Object {
              "flexDirection": "column",
              "justifyContent": "flex-end",
            },
            undefined,
          ]
        }
      >
        <Text
          numberOfLines={1}
          style={
            Array [
              Object {
                "backgroundColor": "transparent",
                "textAlign": "center",
              },
              Object {
                "color": "rgb(0, 122, 255)",
              },
              Object {
                "fontSize": 10,
              },
              undefined,
            ]
          }
        >
          SpendingLimit
        </Text>
      </View>
    </View>
  </View>
</RNCSafeAreaProvider>
`;
